// Jest Snapshot v1, https://goo.gl/fbAQLP

exports[`OpenMapComponents render 1`] = `
<div
  className="OpenMapComponent"
>
  <div
    className="OpenMapComponent__card-block"
  >
    <div>
      <div
        className="ant-card OpenMapComponent__card-style css-dev-only-do-not-override-15rg2km"
      >
        <div
          className="ant-card-body"
          style={{}}
        >
          <div
            className="OpenMapComponent__header-title"
          >
            <button
              className="btn_none_style"
              onClick={[Function]}
              type="button"
            >
              <img
                alt="arrow"
                className="OpenMapComponent__arrow-left"
                src={
                  {
                    "process": [Function],
                  }
                }
              />
            </button>
          </div>
        </div>
      </div>
    </div>
    <div
      className="OpenMapComponent__card-block-info"
    >
      <div
        className="ant-card OpenMapComponent__card-style css-dev-only-do-not-override-15rg2km"
      >
        <div
          className="ant-card-body"
          style={{}}
        >
          <div
            className="OpenMapComponent__header-title"
          >
            <h3
              className="ant-typography OpenMapComponent__title css-dev-only-do-not-override-15rg2km"
              style={
                {
                  "WebkitLineClamp": undefined,
                }
              }
            >
              <img
                alt="locale"
                className="OpenMapComponent__img-title"
                src={
                  {
                    "process": [Function],
                  }
                }
              />
              <p
                className="OpenMapComponent__subtitle"
                onMouseEnter={[Function]}
                onMouseLeave={[Function]}
              >
                <span />
              </p>
            </h3>
          </div>
        </div>
      </div>
      <div
        className="ant-card OpenMapComponent__card-style css-dev-only-do-not-override-15rg2km"
      >
        <div
          className="ant-card-body"
          style={{}}
        >
          <div
            className="OpenMapComponent__header-title"
          >
            <h3
              className="ant-typography OpenMapComponent__title css-dev-only-do-not-override-15rg2km"
              style={
                {
                  "WebkitLineClamp": undefined,
                }
              }
            >
              <img
                alt="tractor"
                className="OpenMapComponent__img-title img-tractor"
                src={
                  {
                    "process": [Function],
                  }
                }
              />
              <p
                className="OpenMapComponent__subtitle"
              />
            </h3>
          </div>
        </div>
      </div>
      <div
        className="ant-card OpenMapComponent__card-style css-dev-only-do-not-override-15rg2km"
      >
        <div
          className="ant-card-body"
          style={{}}
        >
          <div
            className="OpenMapComponent__header-title"
          >
            <h3
              className="ant-typography OpenMapComponent__title css-dev-only-do-not-override-15rg2km"
              style={
                {
                  "WebkitLineClamp": undefined,
                }
              }
            >
              <img
                alt="speedRound"
                className="OpenMapComponent__img-title img-tractor"
                src={
                  {
                    "process": [Function],
                  }
                }
              />
              <p
                className="OpenMapComponent__subtitle"
              >
                0
                 
                км/ч
              </p>
            </h3>
          </div>
        </div>
      </div>
    </div>
  </div>
  <button
    className="ant-btn css-dev-only-do-not-override-15rg2km ant-btn-default OpenMapComponent__render_btn"
    disabled={false}
    onClick={[Function]}
    type="button"
  >
    <span
      aria-label="aim"
      className="anticon anticon-aim"
      role="img"
    >
      <svg
        aria-hidden="true"
        data-icon="aim"
        fill="currentColor"
        focusable="false"
        height="1em"
        viewBox="64 64 896 896"
        width="1em"
      >
        <defs>
          <style />
        </defs>
        <path
          d="M952 474H829.8C812.5 327.6 696.4 211.5 550 194.2V72c0-4.4-3.6-8-8-8h-60c-4.4 0-8 3.6-8 8v122.2C327.6 211.5 211.5 327.6 194.2 474H72c-4.4 0-8 3.6-8 8v60c0 4.4 3.6 8 8 8h122.2C211.5 696.4 327.6 812.5 474 829.8V952c0 4.4 3.6 8 8 8h60c4.4 0 8-3.6 8-8V829.8C696.4 812.5 812.5 696.4 829.8 550H952c4.4 0 8-3.6 8-8v-60c0-4.4-3.6-8-8-8zM512 756c-134.8 0-244-109.2-244-244s109.2-244 244-244 244 109.2 244 244-109.2 244-244 244z"
        />
        <path
          d="M512 392c-32.1 0-62.1 12.4-84.8 35.2-22.7 22.7-35.2 52.7-35.2 84.8s12.5 62.1 35.2 84.8C449.9 619.4 480 632 512 632s62.1-12.5 84.8-35.2C619.4 574.1 632 544 632 512s-12.5-62.1-35.2-84.8A118.57 118.57 0 00512 392z"
        />
      </svg>
    </span>
  </button>
  <div
    className="OpenMapComponent__map-block"
  />
</div>
`;

exports[`OpenMapComponents render technique map success 1`] = `
<div
  className="TechniqueMap"
>
  <div
    className="TechniqueMap__card-block"
  >
    <div>
      <div
        className="ant-card TechniqueMap__card-style css-dev-only-do-not-override-15rg2km"
      >
        <div
          className="ant-card-body"
          style={{}}
        >
          <div
            className="TechniqueMap__header-title"
          >
            <button
              className="btn_none_style"
              onClick={[Function]}
              type="button"
            >
              <img
                alt="arrow"
                className="TechniqueMap__arrow-left"
                src={
                  {
                    "process": [Function],
                  }
                }
              />
            </button>
          </div>
        </div>
      </div>
    </div>
    <div
      className="TechniqueMap__card-block-info"
    >
      <div
        className="ant-card TechniqueMap__card-style css-dev-only-do-not-override-15rg2km"
      >
        <div
          className="ant-card-body"
          style={{}}
        >
          <div
            className="TechniqueMap__title"
          >
            <img
              alt="Всего техники"
              className="TechniqueMap__img-title"
              src={
                {
                  "process": [Function],
                }
              }
            />
            <div
              className="TechniqueMap__title-info"
            >
              <span
                className="ant-typography TechniqueMap__title css-dev-only-do-not-override-15rg2km"
                style={
                  {
                    "WebkitLineClamp": undefined,
                  }
                }
              >
                Всего техники
              </span>
              <span
                className="ant-typography css-dev-only-do-not-override-15rg2km"
                style={
                  {
                    "WebkitLineClamp": undefined,
                  }
                }
              >
                <strong>
                  0
                </strong>
              </span>
            </div>
          </div>
        </div>
      </div>
      <div
        className="ant-card TechniqueMap__card-style css-dev-only-do-not-override-15rg2km"
      >
        <div
          className="ant-card-body"
          style={{}}
        >
          <div
            className="TechniqueMap__title"
          >
            <img
              alt="Активны"
              className="TechniqueMap__img-title"
              src={
                {
                  "process": [Function],
                }
              }
            />
            <div
              className="TechniqueMap__title-info"
            >
              <span
                className="ant-typography TechniqueMap__title css-dev-only-do-not-override-15rg2km"
                style={
                  {
                    "WebkitLineClamp": undefined,
                  }
                }
              >
                Активны
              </span>
              <span
                className="ant-typography css-dev-only-do-not-override-15rg2km"
                style={
                  {
                    "WebkitLineClamp": undefined,
                  }
                }
              >
                <strong>
                  0
                </strong>
              </span>
            </div>
          </div>
        </div>
      </div>
      <div
        className="ant-card TechniqueMap__card-style css-dev-only-do-not-override-15rg2km"
      >
        <div
          className="ant-card-body"
          style={{}}
        >
          <div
            className="TechniqueMap__title"
          >
            <img
              alt="Неактивны"
              className="TechniqueMap__img-title"
              src={
                {
                  "process": [Function],
                }
              }
            />
            <div
              className="TechniqueMap__title-info"
            >
              <span
                className="ant-typography TechniqueMap__title css-dev-only-do-not-override-15rg2km"
                style={
                  {
                    "WebkitLineClamp": undefined,
                  }
                }
              >
                Неактивны
              </span>
              <span
                className="ant-typography css-dev-only-do-not-override-15rg2km"
                style={
                  {
                    "WebkitLineClamp": undefined,
                  }
                }
              >
                <strong>
                  0
                </strong>
              </span>
            </div>
          </div>
        </div>
      </div>
    </div>
  </div>
  <div
    className="TechniqueMap__map-block"
  />
</div>
`;
