// Jest Snapshot v1, https://goo.gl/fbAQLP

exports[`<FieldClimateDashboard /> FieldClimateDashboard map component should be in the document 1`] = `null`;
