// Jest Snapshot v1, https://goo.gl/fbAQLP

exports[`<Converter /> render component toMatchSnapshot() 1`] = `
{
  "asFragment": [Function],
  "baseElement": <body>
    <div>
      <div
        class="Converter"
        data-testid="converter-test-id"
      >
        <div
          class="ant-card ant-card-bordered css-dev-only-do-not-override-15rg2km"
        >
          <div
            class="ant-card-body"
          >
            <div
              class="Converter__converter-block"
            >
              <div>
                <img
                  alt="files"
                  src="[object Object]"
                />
              </div>
              <div
                class="Converter__convert-item"
              >
                <h3
                  class="ant-typography Converter__title css-dev-only-do-not-override-15rg2km"
                >
                  Конвертер
                </h3>
                <p>
                  Сконвертируйте ваши файлы в любой формат
                </p>
                <div
                  class="Converter__select-block"
                >
                  из
                   
                  <div
                    class="ant-select Converter__select-field css-dev-only-do-not-override-15rg2km ant-select-single ant-select-show-arrow"
                    style="width: 80px;"
                  >
                    <div
                      class="ant-select-selector"
                    >
                      <span
                        class="ant-select-selection-search"
                      >
                        <input
                          aria-activedescendant="rc_select_TEST_OR_SSR_list_0"
                          aria-autocomplete="list"
                          aria-controls="rc_select_TEST_OR_SSR_list"
                          aria-expanded="false"
                          aria-haspopup="listbox"
                          aria-owns="rc_select_TEST_OR_SSR_list"
                          autocomplete="off"
                          class="ant-select-selection-search-input"
                          id="rc_select_TEST_OR_SSR"
                          readonly=""
                          role="combobox"
                          style="opacity: 0;"
                          type="search"
                          unselectable="on"
                          value=""
                        />
                      </span>
                      <span
                        class="ant-select-selection-item"
                        title=".zip"
                      >
                        .zip
                      </span>
                    </div>
                    <span
                      aria-hidden="true"
                      class="ant-select-arrow"
                      style="user-select: none;"
                      unselectable="on"
                    >
                      <img
                        alt="arrowDown"
                        src="[object Object]"
                      />
                    </span>
                  </div>
                   
                  в
                   
                  <div
                    class="ant-select Converter__select-field css-dev-only-do-not-override-15rg2km ant-select-single ant-select-show-arrow"
                    style="width: 80px;"
                  >
                    <div
                      class="ant-select-selector"
                    >
                      <span
                        class="ant-select-selection-search"
                      >
                        <input
                          aria-activedescendant="rc_select_TEST_OR_SSR_list_0"
                          aria-autocomplete="list"
                          aria-controls="rc_select_TEST_OR_SSR_list"
                          aria-expanded="false"
                          aria-haspopup="listbox"
                          aria-owns="rc_select_TEST_OR_SSR_list"
                          autocomplete="off"
                          class="ant-select-selection-search-input"
                          id="rc_select_TEST_OR_SSR"
                          readonly=""
                          role="combobox"
                          style="opacity: 0;"
                          type="search"
                          unselectable="on"
                          value=""
                        />
                      </span>
                      <span
                        class="ant-select-selection-item"
                        title=".txt"
                      >
                        .txt
                      </span>
                    </div>
                    <span
                      aria-hidden="true"
                      class="ant-select-arrow"
                      style="user-select: none;"
                      unselectable="on"
                    >
                      <img
                        alt="arrowDown"
                        src="[object Object]"
                      />
                    </span>
                  </div>
                </div>
                <button
                  class="ant-btn css-dev-only-do-not-override-15rg2km ant-btn-default button-style"
                  type="button"
                >
                  <span>
                    Выбрать файл
                  </span>
                </button>
                <input
                  data-testid="image-input"
                  id="image-input"
                  type="file"
                />
              </div>
            </div>
          </div>
        </div>
        <span
          class="ant-typography Converter__title title-heading css-dev-only-do-not-override-15rg2km"
        >
          История конвертаций
        </span>
        <div>
          <div
            class="Converter__history-list"
          />
          <div
            class="pagination undefined"
          >
            <div
              class="pagination__pagination_show"
            >
              <div
                class="glav_pagination"
              >
                <div
                  class="next_table"
                >
                  <button
                    class="ant-btn css-dev-only-do-not-override-15rg2km ant-btn-default ant-btn-icon-only pagination_buttons pagination_buttons-prev"
                    disabled=""
                    type="button"
                  >
                    <span
                      class="ant-btn-icon"
                    >
                      <img
                        alt="backIcons"
                        src="[object Object]"
                      />
                    </span>
                  </button>
                  <button
                    class="ant-btn css-dev-only-do-not-override-15rg2km ant-btn-default ant-btn-icon-only pagination_buttons pagination_buttons-next"
                    disabled=""
                    role="button"
                    type="button"
                  >
                    <span
                      class="ant-btn-icon"
                    >
                      <img
                        alt="nextIcons"
                        src="[object Object]"
                      />
                    </span>
                  </button>
                </div>
              </div>
            </div>
          </div>
        </div>
      </div>
    </div>
  </body>,
  "container": <div>
    <div
      class="Converter"
      data-testid="converter-test-id"
    >
      <div
        class="ant-card ant-card-bordered css-dev-only-do-not-override-15rg2km"
      >
        <div
          class="ant-card-body"
        >
          <div
            class="Converter__converter-block"
          >
            <div>
              <img
                alt="files"
                src="[object Object]"
              />
            </div>
            <div
              class="Converter__convert-item"
            >
              <h3
                class="ant-typography Converter__title css-dev-only-do-not-override-15rg2km"
              >
                Конвертер
              </h3>
              <p>
                Сконвертируйте ваши файлы в любой формат
              </p>
              <div
                class="Converter__select-block"
              >
                из
                 
                <div
                  class="ant-select Converter__select-field css-dev-only-do-not-override-15rg2km ant-select-single ant-select-show-arrow"
                  style="width: 80px;"
                >
                  <div
                    class="ant-select-selector"
                  >
                    <span
                      class="ant-select-selection-search"
                    >
                      <input
                        aria-activedescendant="rc_select_TEST_OR_SSR_list_0"
                        aria-autocomplete="list"
                        aria-controls="rc_select_TEST_OR_SSR_list"
                        aria-expanded="false"
                        aria-haspopup="listbox"
                        aria-owns="rc_select_TEST_OR_SSR_list"
                        autocomplete="off"
                        class="ant-select-selection-search-input"
                        id="rc_select_TEST_OR_SSR"
                        readonly=""
                        role="combobox"
                        style="opacity: 0;"
                        type="search"
                        unselectable="on"
                        value=""
                      />
                    </span>
                    <span
                      class="ant-select-selection-item"
                      title=".zip"
                    >
                      .zip
                    </span>
                  </div>
                  <span
                    aria-hidden="true"
                    class="ant-select-arrow"
                    style="user-select: none;"
                    unselectable="on"
                  >
                    <img
                      alt="arrowDown"
                      src="[object Object]"
                    />
                  </span>
                </div>
                 
                в
                 
                <div
                  class="ant-select Converter__select-field css-dev-only-do-not-override-15rg2km ant-select-single ant-select-show-arrow"
                  style="width: 80px;"
                >
                  <div
                    class="ant-select-selector"
                  >
                    <span
                      class="ant-select-selection-search"
                    >
                      <input
                        aria-activedescendant="rc_select_TEST_OR_SSR_list_0"
                        aria-autocomplete="list"
                        aria-controls="rc_select_TEST_OR_SSR_list"
                        aria-expanded="false"
                        aria-haspopup="listbox"
                        aria-owns="rc_select_TEST_OR_SSR_list"
                        autocomplete="off"
                        class="ant-select-selection-search-input"
                        id="rc_select_TEST_OR_SSR"
                        readonly=""
                        role="combobox"
                        style="opacity: 0;"
                        type="search"
                        unselectable="on"
                        value=""
                      />
                    </span>
                    <span
                      class="ant-select-selection-item"
                      title=".txt"
                    >
                      .txt
                    </span>
                  </div>
                  <span
                    aria-hidden="true"
                    class="ant-select-arrow"
                    style="user-select: none;"
                    unselectable="on"
                  >
                    <img
                      alt="arrowDown"
                      src="[object Object]"
                    />
                  </span>
                </div>
              </div>
              <button
                class="ant-btn css-dev-only-do-not-override-15rg2km ant-btn-default button-style"
                type="button"
              >
                <span>
                  Выбрать файл
                </span>
              </button>
              <input
                data-testid="image-input"
                id="image-input"
                type="file"
              />
            </div>
          </div>
        </div>
      </div>
      <span
        class="ant-typography Converter__title title-heading css-dev-only-do-not-override-15rg2km"
      >
        История конвертаций
      </span>
      <div>
        <div
          class="Converter__history-list"
        />
        <div
          class="pagination undefined"
        >
          <div
            class="pagination__pagination_show"
          >
            <div
              class="glav_pagination"
            >
              <div
                class="next_table"
              >
                <button
                  class="ant-btn css-dev-only-do-not-override-15rg2km ant-btn-default ant-btn-icon-only pagination_buttons pagination_buttons-prev"
                  disabled=""
                  type="button"
                >
                  <span
                    class="ant-btn-icon"
                  >
                    <img
                      alt="backIcons"
                      src="[object Object]"
                    />
                  </span>
                </button>
                <button
                  class="ant-btn css-dev-only-do-not-override-15rg2km ant-btn-default ant-btn-icon-only pagination_buttons pagination_buttons-next"
                  disabled=""
                  role="button"
                  type="button"
                >
                  <span
                    class="ant-btn-icon"
                  >
                    <img
                      alt="nextIcons"
                      src="[object Object]"
                    />
                  </span>
                </button>
              </div>
            </div>
          </div>
        </div>
      </div>
    </div>
  </div>,
  "debug": [Function],
  "findAllByAltText": [Function],
  "findAllByDisplayValue": [Function],
  "findAllByLabelText": [Function],
  "findAllByPlaceholderText": [Function],
  "findAllByRole": [Function],
  "findAllByTestId": [Function],
  "findAllByText": [Function],
  "findAllByTitle": [Function],
  "findByAltText": [Function],
  "findByDisplayValue": [Function],
  "findByLabelText": [Function],
  "findByPlaceholderText": [Function],
  "findByRole": [Function],
  "findByTestId": [Function],
  "findByText": [Function],
  "findByTitle": [Function],
  "getAllByAltText": [Function],
  "getAllByDisplayValue": [Function],
  "getAllByLabelText": [Function],
  "getAllByPlaceholderText": [Function],
  "getAllByRole": [Function],
  "getAllByTestId": [Function],
  "getAllByText": [Function],
  "getAllByTitle": [Function],
  "getByAltText": [Function],
  "getByDisplayValue": [Function],
  "getByLabelText": [Function],
  "getByPlaceholderText": [Function],
  "getByRole": [Function],
  "getByTestId": [Function],
  "getByText": [Function],
  "getByTitle": [Function],
  "queryAllByAltText": [Function],
  "queryAllByDisplayValue": [Function],
  "queryAllByLabelText": [Function],
  "queryAllByPlaceholderText": [Function],
  "queryAllByRole": [Function],
  "queryAllByTestId": [Function],
  "queryAllByText": [Function],
  "queryAllByTitle": [Function],
  "queryByAltText": [Function],
  "queryByDisplayValue": [Function],
  "queryByLabelText": [Function],
  "queryByPlaceholderText": [Function],
  "queryByRole": [Function],
  "queryByTestId": [Function],
  "queryByText": [Function],
  "queryByTitle": [Function],
  "rerender": [Function],
  "unmount": [Function],
}
`;
