// Jest Snapshot v1, https://goo.gl/fbAQLP

exports[`<SignIn /> Render component toMatchSnapshot() 1`] = `
<div
  className="ant-row ant-row-space-between SignIn css-dev-only-do-not-override-mxhywb"
  data-testid="sign-in"
  style={{}}
>
  <div
    className="ant-col ant-col-xs-24 ant-col-xs-offset-0 ant-col-md-24 ant-col-md-offset-0 ant-col-lg-12 ant-col-lg-offset-0 css-dev-only-do-not-override-mxhywb"
    style={{}}
  >
    <img
      alt="tractor"
      className="SignIn__image-styles"
      src={
        {
          "process": [Function],
        }
      }
    />
  </div>
  <div
    className="ant-col SignIn__main-colum-styles ant-col-xs-13 ant-col-xs-offset-5 ant-col-md-13 ant-col-md-offset-5 ant-col-lg-7 ant-col-lg-offset-1 css-dev-only-do-not-override-mxhywb"
    style={{}}
  >
    <img
      alt="logo"
      src={
        {
          "process": [Function],
        }
      }
    />
    <p
      className="SignIn__subtitle"
    >
      Добро пожаловать
    </p>
    <h1
      className="ant-typography SignIn__title css-dev-only-do-not-override-mxhywb"
      data-testid="sign_in_test"
      style={
        {
          "WebkitLineClamp": undefined,
        }
      }
    >
      Вход в аккаунт
    </h1>
    <form
      autoComplete="off"
      className="ant-form ant-form-vertical css-dev-only-do-not-override-mxhywb login-form"
      id="register"
      onReset={[Function]}
      onSubmit={[Function]}
    >
      <div
        className="ant-form-item css-dev-only-do-not-override-mxhywb"
      >
        <div
          className="ant-row ant-form-item-row css-dev-only-do-not-override-mxhywb"
          style={{}}
        >
          <div
            className="ant-col ant-form-item-label css-dev-only-do-not-override-mxhywb"
            style={{}}
          >
            <label
              className=""
              htmlFor="register_username"
              title="Логин"
            >
              Логин
            </label>
          </div>
          <div
            className="ant-col ant-form-item-control css-dev-only-do-not-override-mxhywb"
            style={{}}
          >
            <div
              className="ant-form-item-control-input"
            >
              <div
                className="ant-form-item-control-input-content"
              >
                <input
                  className="ant-input css-dev-only-do-not-override-mxhywb input-styles undefined"
                  disabled={false}
                  id="register_username"
                  name="username"
                  onBlur={[Function]}
                  onChange={[Function]}
                  onFocus={[Function]}
                  onKeyDown={[Function]}
                  placeholder="Логин"
                  readOnly={false}
                  style={{}}
                  type="text"
                  value=""
                />
              </div>
            </div>
          </div>
        </div>
      </div>
      <div
        className="ant-form-item PasswordField css-dev-only-do-not-override-mxhywb"
      >
        <div
          className="ant-row ant-form-item-row css-dev-only-do-not-override-mxhywb"
          style={{}}
        >
          <div
            className="ant-col ant-form-item-label css-dev-only-do-not-override-mxhywb"
            style={{}}
          >
            <label
              className="ant-form-item-required"
              htmlFor="register_password"
              title="Пароль"
            >
              Пароль
            </label>
          </div>
          <div
            className="ant-col ant-form-item-control css-dev-only-do-not-override-mxhywb"
            style={{}}
          >
            <div
              className="ant-form-item-control-input"
            >
              <div
                className="ant-form-item-control-input-content"
              >
                <span
                  className="ant-input-affix-wrapper ant-input-password input-styles undefined ant-input-affix-wrapper-has-feedback css-dev-only-do-not-override-mxhywb"
                  onClick={[Function]}
                  style={
                    {
                      "borderRadius": "7px",
                    }
                  }
                >
                  <input
                    aria-required="true"
                    autoComplete="on"
                    className="ant-input css-dev-only-do-not-override-mxhywb"
                    disabled={false}
                    hidden={null}
                    id="register_password"
                    name="password"
                    onBlur={[Function]}
                    onChange={[Function]}
                    onFocus={[Function]}
                    onKeyDown={[Function]}
                    placeholder="Пароль"
                    readOnly={false}
                    style={null}
                    type="password"
                    value=""
                  />
                  <span
                    className="ant-input-suffix"
                  >
                    <span
                      aria-label="eye-invisible"
                      className="anticon anticon-eye-invisible ant-input-password-icon"
                      onClick={[Function]}
                      onMouseDown={[Function]}
                      onMouseUp={[Function]}
                      role="img"
                      tabIndex={-1}
                    >
                      <svg
                        aria-hidden="true"
                        data-icon="eye-invisible"
                        fill="currentColor"
                        focusable="false"
                        height="1em"
                        viewBox="64 64 896 896"
                        width="1em"
                      >
                        <path
                          d="M942.2 486.2Q889.47 375.11 816.7 305l-50.88 50.88C807.31 395.53 843.45 447.4 874.7 512 791.5 684.2 673.4 766 512 766q-72.67 0-133.87-22.38L323 798.75Q408 838 512 838q288.3 0 430.2-300.3a60.29 60.29 0 000-51.5zm-63.57-320.64L836 122.88a8 8 0 00-11.32 0L715.31 232.2Q624.86 186 512 186q-288.3 0-430.2 300.3a60.3 60.3 0 000 51.5q56.69 119.4 136.5 191.41L112.48 835a8 8 0 000 11.31L155.17 889a8 8 0 0011.31 0l712.15-712.12a8 8 0 000-11.32zM149.3 512C232.6 339.8 350.7 258 512 258c54.54 0 104.13 9.36 149.12 28.39l-70.3 70.3a176 176 0 00-238.13 238.13l-83.42 83.42C223.1 637.49 183.3 582.28 149.3 512zm246.7 0a112.11 112.11 0 01146.2-106.69L401.31 546.2A112 112 0 01396 512z"
                        />
                        <path
                          d="M508 624c-3.46 0-6.87-.16-10.25-.47l-52.82 52.82a176.09 176.09 0 00227.42-227.42l-52.82 52.82c.31 3.38.47 6.79.47 10.25a111.94 111.94 0 01-112 112z"
                        />
                      </svg>
                    </span>
                  </span>
                </span>
              </div>
            </div>
          </div>
        </div>
      </div>
      <div
        className="ant-form-item css-dev-only-do-not-override-mxhywb"
      >
        <div
          className="ant-row ant-form-item-row css-dev-only-do-not-override-mxhywb"
          style={{}}
        >
          <div
            className="ant-col ant-col-16 ant-form-item-control css-dev-only-do-not-override-mxhywb"
            style={{}}
          >
            <div
              className="ant-form-item-control-input"
            >
              <div
                className="ant-form-item-control-input-content"
              >
                <label
                  className="ant-checkbox-wrapper ant-checkbox-wrapper-checked ant-checkbox-wrapper-in-form-item css-dev-only-do-not-override-mxhywb"
                >
                  <span
                    className="ant-checkbox css-dev-only-do-not-override-mxhywb ant-checkbox-checked"
                    style={{}}
                  >
                    <input
                      checked={true}
                      className="ant-checkbox-input"
                      disabled={false}
                      id="remember_id"
                      onBlur={[Function]}
                      onChange={[Function]}
                      onFocus={[Function]}
                      onKeyDown={[Function]}
                      onKeyPress={[Function]}
                      onKeyUp={[Function]}
                      type="checkbox"
                    />
                    <span
                      className="ant-checkbox-inner"
                    />
                  </span>
                  <span>
                    Запомнить меня
                  </span>
                </label>
              </div>
            </div>
          </div>
        </div>
      </div>
      <button
        className="ant-btn css-dev-only-do-not-override-mxhywb ant-btn-primary SignIn__login-form-button"
        disabled={false}
        onClick={[Function]}
        style={
          {
            "borderRadius": 4,
            "width": "100%",
          }
        }
        type="submit"
      >
        <span>
          Продолжить
        </span>
      </button>
    </form>
    <div
      className="ant-row SignIn__buttons-row css-dev-only-do-not-override-mxhywb"
      style={{}}
    >
      <p>
        Хотите стать клиентом?
      </p>
      <button
        className="ant-btn css-dev-only-do-not-override-mxhywb ant-btn-primary"
        disabled={false}
        onClick={[Function]}
        type="button"
      >
        <span>
          Зарегистрироваться
        </span>
      </button>
    </div>
  </div>
</div>
`;
