// Jest Snapshot v1, https://goo.gl/fbAQLP

exports[`App App 1`] = `[Function]`;
